// Jest Snapshot v1, https://goo.gl/fbAQLP

exports[`DetailPage should render 1`] = `
<div>
  <main
    class="flex h-full flex-col items-center justify-center"
  >
    <div
      class="rounded-lg border bg-card text-card-foreground shadow-sm w-full max-w-3xl"
    >
      <div
        class="flex flex-col space-y-1.5 p-6"
      >
        <h3
          class="text-2xl font-semibold leading-none tracking-tight"
        >
          bulbasaur
        </h3>
      </div>
      <div
        class="p-6 pt-0"
      >
        <div
          class="flex items-center space-x-4"
        >
          <img
            alt="bulbasaur"
            class="border aspect-square rounded-xl"
            data-nimg="1"
            decoding="async"
            height="96"
            loading="lazy"
            src="/_next/image?url=https%3A%2F%2Fexample.com%2Fbulbasaur.gif&w=256&q=75"
            srcset="/_next/image?url=https%3A%2F%2Fexample.com%2Fbulbasaur.gif&w=96&q=75 1x, /_next/image?url=https%3A%2F%2Fexample.com%2Fbulbasaur.gif&w=256&q=75 2x"
            style="color: transparent;"
            width="96"
          />
          <div
            class="grid gap-1.5"
          >
            <div
              class="flex items-center space-x-2"
            >
              <span
                class="text-lg font-semibold"
              >
                Type
              </span>
              <div
                class="flex items-center space-x-2 uppercase"
              >
                grass
              </div>
            </div>
            <div
              class="flex items-center space-x-2"
            >
              <span
                class="text-lg font-semibold"
              >
                Abilities
              </span>
              <ul
                class="flex space-x-2 text-sm"
              >
                <li>
                  overgrow
                </li>
                <li>
                  chlorophyll
                </li>
              </ul>
            </div>
          </div>
        </div>
        <div
          class="grid gap-1.5 mt-5"
        >
          <div
            class="flex items-center space-x-2"
          >
            <span
              class="text-lg font-semibold"
            >
              Height
            </span>
            <span>
               cm
            </span>
          </div>
          <div
            class="flex items-center space-x-2"
          >
            <span
              class="text-lg font-semibold"
            >
              Weight
            </span>
            <span>
               g
            </span>
          </div>
        </div>
        <div
          class="grid grid-cols-3 mt-5 w-full justify-between"
        >
          <span>
            hp
          </span>
          <span
            class="w-full"
          >
            <div
              aria-valuemax="100"
              aria-valuemin="0"
              class="relative h-4 w-full overflow-hidden rounded-full bg-secondary"
              data-max="100"
              data-state="indeterminate"
              role="progressbar"
            >
              <div
                class="h-full w-full flex-1 bg-primary transition-all"
                data-max="100"
                data-state="indeterminate"
                style="transform: translateX(-55%);"
              />
            </div>
          </span>
          <span
            class="text-right"
          >
            45
          </span>
        </div>
      </div>
    </div>
  </main>
</div>
`;
